******************************************************************************
                  MSP430 Linker PC v18.1.5                     
******************************************************************************
>> Linked Thu Sep  5 15:26:30 2019

OUTPUT FILE NAME:   <Test_uart_n_GPS.out>
ENTRY POINT SYMBOL: "_c_int00_noargs"  address: 0000c8c4


MEMORY CONFIGURATION

         name            origin    length      used     unused   attr    fill
----------------------  --------  ---------  --------  --------  ----  --------
  SFR                   00000000   00000010  00000000  00000010  RWIX
  PERIPHERALS_8BIT      00000010   000000f0  00000000  000000f0  RWIX
  PERIPHERALS_16BIT     00000100   00000100  00000000  00000100  RWIX
  RAM                   00000200   00000200  0000017e  00000082  RWIX
  INFOD                 00001000   00000040  00000000  00000040  RWIX
  INFOC                 00001040   00000040  00000000  00000040  RWIX
  INFOB                 00001080   00000040  00000000  00000040  RWIX
  INFOA                 000010c0   00000040  00000000  00000040  RWIX
  FLASH                 0000c000   00003fde  00000b5e  00003480  RWIX
  BSLSIGNATURE          0000ffde   00000002  00000002  00000000  RWIX  ffff 
  INT00                 0000ffe0   00000002  00000002  00000000  RWIX
  INT01                 0000ffe2   00000002  00000000  00000002  RWIX
  INT02                 0000ffe4   00000002  00000002  00000000  RWIX
  INT03                 0000ffe6   00000002  00000002  00000000  RWIX
  INT04                 0000ffe8   00000002  00000000  00000002  RWIX
  INT05                 0000ffea   00000002  00000002  00000000  RWIX
  INT06                 0000ffec   00000002  00000002  00000000  RWIX
  INT07                 0000ffee   00000002  00000002  00000000  RWIX
  INT08                 0000fff0   00000002  00000002  00000000  RWIX
  INT09                 0000fff2   00000002  00000002  00000000  RWIX
  INT10                 0000fff4   00000002  00000002  00000000  RWIX
  INT11                 0000fff6   00000002  00000002  00000000  RWIX
  INT12                 0000fff8   00000002  00000002  00000000  RWIX
  INT13                 0000fffa   00000002  00000002  00000000  RWIX
  INT14                 0000fffc   00000002  00000002  00000000  RWIX
  RESET                 0000fffe   00000002  00000002  00000000  RWIX


SECTION ALLOCATION MAP

 output                                  attributes/
section   page    origin      length       input sections
--------  ----  ----------  ----------   ----------------
.bss       0    00000200    00000116     UNINITIALIZED
                  00000200    00000064     (.common:gsmMessage)
                  00000264    00000064     (.common:message_buffer)
                  000002c8    00000022     (.common:gps_data)
                  000002ea    00000016     GSM.obj (.bss:at_num$5)
                  00000300    00000010     (.common:gsm_data)
                  00000310    00000002     (.common:gps_Init)
                  00000312    00000001     (.common:rx_char)
                  00000313    00000001     (.common:rx_flag)
                  00000314    00000001     (.common:tx_char)
                  00000315    00000001     (.common:tx_flag)

.data      0    00000316    00000018     UNINITIALIZED
                  00000316    0000000a     GSM.obj (.data)
                  00000320    00000008     main.obj (.data)
                  00000328    00000002     GPS.obj (.data)
                  0000032a    00000002     rts430_eabi.lib : strtok.c.obj (.data)
                  0000032c    00000002     timers.obj (.data)

.stack     0    000003b0    00000050     UNINITIALIZED
                  000003b0    00000002     rts430_eabi.lib : boot.c.obj (.stack)
                  000003b2    0000004e     --HOLE--

.text      0    0000c000    00000a3e     
                  0000c000    000001c0     main.obj (.text:main)
                  0000c1c0    00000146     GSM.obj (.text:GSM_sendMessage)
                  0000c306    000000dc     GPS.obj (.text:GPS_extract_data)
                  0000c3e2    000000a0     GSM.obj (.text:gsm_getMessageDetails)
                  0000c482    00000080     uart.obj (.text:uart_gets)
                  0000c502    0000007c     GSM.obj (.text:GSM_init)
                  0000c57e    0000007c     rts430_eabi.lib : copy_decompress_lzss.c.obj (.text:decompress:lzss:__TI_decompress_lzss)
                  0000c5fa    00000068     GPS.obj (.text:gps_cpyrmz_mp)
                  0000c662    0000004e     rts430_eabi.lib : strtok.c.obj (.text:strtok)
                  0000c6b0    0000004c                     : lsr16.asm.obj (.text)
                  0000c6fc    00000044     GPS.obj (.text:GPS_init)
                  0000c740    00000042     rts430_eabi.lib : autoinit.c.obj (.text:__TI_auto_init_nobinit_nopinit:__TI_auto_init_nobinit_nopinit)
                  0000c782    00000040     uart.obj (.text:uart_init)
                  0000c7c2    0000002c     rts430_eabi.lib : lsl16.asm.obj (.text)
                  0000c7ee    0000002a     port1.obj (.text:port_init)
                  0000c818    00000028     rts430_eabi.lib : strcspn.c.obj (.text:strcspn)
                  0000c840    00000028                     : strspn.c.obj (.text:strspn)
                  0000c868    00000022     uart.obj (.text:uart_puts)
                  0000c88a    0000001e     uart.obj (.text:readMessage)
                  0000c8a8    0000001c     uart.obj (.text:USCI0TX_ISR)
                  0000c8c4    0000001c     rts430_eabi.lib : boot.c.obj (.text:_c_int00_noargs)
                  0000c8e0    0000001c     uart.obj (.text:sendMessage)
                  0000c8fc    0000001a     rts430_eabi.lib : strcat.c.obj (.text:strcat)
                  0000c916    0000001a     uart.obj (.text:uart_putc)
                  0000c930    00000018     rts430_eabi.lib : strcmp.c.obj (.text:strcmp)
                  0000c948    00000018     timers.obj (.text:timers_init)
                  0000c960    00000016     port1.obj (.text:mux_switch)
                  0000c976    00000016     timers.obj (.text:timers_A0_interrupt)
                  0000c98c    00000014     uart.obj (.text:USCI0RX_ISR)
                  0000c9a0    00000014     rts430_eabi.lib : copy_zero_init.c.obj (.text:decompress:ZI:__TI_zero_init_nomemset:__TI_zero_init_nomemset)
                  0000c9b4    00000014                     : memset.c.obj (.text:memset)
                  0000c9c8    00000012                     : copy_decompress_none.c.obj (.text:decompress:none:__TI_decompress_none)
                  0000c9da    00000012                     : memcpy.c.obj (.text:memcpy)
                  0000c9ec    00000010                     : epilog.asm.obj (.text)
                  0000c9fc    00000010                     : strcpy.c.obj (.text:strcpy)
                  0000ca0c    00000010     uart.obj (.text:uart_getc)
                  0000ca1c    0000000e     rts430_eabi.lib : strlen.c.obj (.text:strlen)
                  0000ca2a    00000008                     : isr_trap.asm.obj (.text:_isr:__TI_ISR_TRAP)
                  0000ca32    00000006                     : exit.c.obj (.text:abort)
                  0000ca38    00000004                     : pre_init.c.obj (.text:_system_pre_init)
                  0000ca3c    00000002                     : startup.c.obj (.text:_system_post_cinit)

.const     0    0000ca3e    00000102     
                  0000ca3e    00000080     GSM.obj (.const:.string)
                  0000cabe    00000044     GPS.obj (.const:.string)
                  0000cb02    00000038     main.obj (.const:.string)
                  0000cb3a    00000006     uart.obj (.const:.string)

.cinit     0    0000cb40    0000001e     
                  0000cb40    0000000b     (.cinit..data.load) [load image, compression = lzss]
                  0000cb4b    00000001     --HOLE-- [fill = 0]
                  0000cb4c    00000006     (__TI_handler_table)
                  0000cb52    00000004     (.cinit..bss.load) [load image, compression = zero_init]
                  0000cb56    00000008     (__TI_cinit_table)

.binit     0    0000c000    00000000     

.init_array 
*          0    0000c000    00000000     UNINITIALIZED

TRAPINT    0    0000ffe0    00000002     
                  0000ffe0    00000002     rts430_eabi.lib : int00.asm.obj (.int00)

PORT1      0    0000ffe4    00000002     
                  0000ffe4    00000002     rts430_eabi.lib : int02.asm.obj (.int02)

PORT2      0    0000ffe6    00000002     
                  0000ffe6    00000002     rts430_eabi.lib : int03.asm.obj (.int03)

ADC10      0    0000ffea    00000002     
                  0000ffea    00000002     rts430_eabi.lib : int05.asm.obj (.int05)

USCIAB0TX 
*          0    0000ffec    00000002     
                  0000ffec    00000002     uart.obj (.int06)

USCIAB0RX 
*          0    0000ffee    00000002     
                  0000ffee    00000002     uart.obj (.int07)

TIMER0_A1 
*          0    0000fff0    00000002     
                  0000fff0    00000002     rts430_eabi.lib : int08.asm.obj (.int08)

TIMER0_A0 
*          0    0000fff2    00000002     
                  0000fff2    00000002     timers.obj (.int09)

WDT        0    0000fff4    00000002     
                  0000fff4    00000002     rts430_eabi.lib : int10.asm.obj (.int10)

COMPARATORA 
*          0    0000fff6    00000002     
                  0000fff6    00000002     rts430_eabi.lib : int11.asm.obj (.int11)

TIMER1_A1 
*          0    0000fff8    00000002     
                  0000fff8    00000002     rts430_eabi.lib : int12.asm.obj (.int12)

TIMER1_A0 
*          0    0000fffa    00000002     
                  0000fffa    00000002     rts430_eabi.lib : int13.asm.obj (.int13)

NMI        0    0000fffc    00000002     
                  0000fffc    00000002     rts430_eabi.lib : int14.asm.obj (.int14)

.reset     0    0000fffe    00000002     
                  0000fffe    00000002     rts430_eabi.lib : boot.c.obj (.reset)

$fill000   0    0000ffde    00000002     
                  0000ffde    00000002     --HOLE-- [fill = ffff]

MODULE SUMMARY

       Module                       code   ro data   rw data
       ------                       ----   -------   -------
    .\
       GSM.obj                      610    128       48     
       main.obj                     448    56        208    
       GPS.obj                      392    68        38     
       uart.obj                     374    10        4      
       port1.obj                    64     0         0      
       timers.obj                   46     2         2      
    +--+----------------------------+------+---------+---------+
       Total:                       1934   264       300    
                                                            
    C:\ti\ccsv8\tools\compiler\ti-cgt-msp430_18.1.5.LTS\lib\rts430_eabi.lib
       copy_decompress_lzss.c.obj   124    0         0      
       strtok.c.obj                 78     0         2      
       lsr16.asm.obj                76     0         0      
       autoinit.c.obj               66     0         0      
       lsl16.asm.obj                44     0         0      
       strcspn.c.obj                40     0         0      
       strspn.c.obj                 40     0         0      
       boot.c.obj                   28     2         0      
       strcat.c.obj                 26     0         0      
       strcmp.c.obj                 24     0         0      
       copy_zero_init.c.obj         20     0         0      
       memset.c.obj                 20     0         0      
       copy_decompress_none.c.obj   18     0         0      
       memcpy.c.obj                 18     0         0      
       epilog.asm.obj               16     0         0      
       strcpy.c.obj                 16     0         0      
       strlen.c.obj                 14     0         0      
       isr_trap.asm.obj             8      0         0      
       exit.c.obj                   6      0         0      
       pre_init.c.obj               4      0         0      
       int00.asm.obj                0      2         0      
       int02.asm.obj                0      2         0      
       int03.asm.obj                0      2         0      
       int05.asm.obj                0      2         0      
       int08.asm.obj                0      2         0      
       int10.asm.obj                0      2         0      
       int11.asm.obj                0      2         0      
       int12.asm.obj                0      2         0      
       int13.asm.obj                0      2         0      
       int14.asm.obj                0      2         0      
       startup.c.obj                2      0         0      
    +--+----------------------------+------+---------+---------+
       Total:                       688    22        2      
                                                            
       Stack:                       0      0         80     
       Linker Generated:            0      29        0      
    +--+----------------------------+------+---------+---------+
       Grand Total:                 2622   315       382    


LINKER GENERATED COPY TABLES

__TI_cinit_table @ 0000cb56 records: 2, size/record: 4, table size: 8
	.data: load addr=0000cb40, load size=0000000b bytes, run addr=00000316, run size=00000018 bytes, compression=lzss
	.bss: load addr=0000cb52, load size=00000004 bytes, run addr=00000200, run size=00000116 bytes, compression=zero_init


LINKER GENERATED HANDLER TABLE

__TI_handler_table @ 0000cb4c records: 3, size/record: 2, table size: 6
	index: 0, handler: __TI_zero_init
	index: 1, handler: __TI_decompress_lzss
	index: 2, handler: __TI_decompress_none


GLOBAL SYMBOLS: SORTED ALPHABETICALLY BY Name 

address   name                          
-------   ----                          
0000004a  ADC10AE0                      
000001b0  ADC10CTL0                     
000001b2  ADC10CTL1                     
00000048  ADC10DTC0                     
00000049  ADC10DTC1                     
000001b4  ADC10MEM                      
000001bc  ADC10SA                       
00000057  BCSCTL1                       
00000058  BCSCTL2                       
00000053  BCSCTL3                       
0000ca32  C$$EXIT                       
00000059  CACTL1                        
0000005a  CACTL2                        
000010fb  CALBC1_12MHZ                  
000010f9  CALBC1_16MHZ                  
000010ff  CALBC1_1MHZ                   
000010fd  CALBC1_8MHZ                   
000010fa  CALDCO_12MHZ                  
000010f8  CALDCO_16MHZ                  
000010fe  CALDCO_1MHZ                   
000010fc  CALDCO_8MHZ                   
0000005b  CAPD                          
00000056  DCOCTL                        
00000128  FCTL1                         
0000012a  FCTL2                         
0000012c  FCTL3                         
0000c306  GPS_extract_data              
0000c6fc  GPS_init                      
0000c502  GSM_init                      
0000c1c0  GSM_sendMessage               
00000000  IE1                           
00000001  IE2                           
00000002  IFG1                          
00000003  IFG2                          
00000022  P1DIR                         
00000025  P1IE                          
00000024  P1IES                         
00000023  P1IFG                         
00000020  P1IN                          
00000021  P1OUT                         
00000027  P1REN                         
00000026  P1SEL                         
00000041  P1SEL2                        
0000002a  P2DIR                         
0000002d  P2IE                          
0000002c  P2IES                         
0000002b  P2IFG                         
00000028  P2IN                          
00000029  P2OUT                         
0000002f  P2REN                         
0000002e  P2SEL                         
00000042  P2SEL2                        
0000001a  P3DIR                         
00000018  P3IN                          
00000019  P3OUT                         
00000010  P3REN                         
0000001b  P3SEL                         
00000043  P3SEL2                        
00000172  TA0CCR0                       
00000174  TA0CCR1                       
00000176  TA0CCR2                       
00000162  TA0CCTL0                      
00000164  TA0CCTL1                      
00000166  TA0CCTL2                      
00000160  TA0CTL                        
0000012e  TA0IV                         
00000170  TA0R                          
00000192  TA1CCR0                       
00000194  TA1CCR1                       
00000196  TA1CCR2                       
00000182  TA1CCTL0                      
00000184  TA1CCTL1                      
00000186  TA1CCTL2                      
00000180  TA1CTL                        
0000011e  TA1IV                         
00000190  TA1R                          
000010db  TLV_ADC10_1_LEN               
000010da  TLV_ADC10_1_TAG               
000010c0  TLV_CHECKSUM                  
000010f7  TLV_DCO_30_LEN                
000010f6  TLV_DCO_30_TAG                
0000005d  UCA0ABCTL                     
00000062  UCA0BR0                       
00000063  UCA0BR1                       
00000060  UCA0CTL0                      
00000061  UCA0CTL1                      
0000005f  UCA0IRRCTL                    
0000005e  UCA0IRTCTL                    
00000064  UCA0MCTL                      
00000066  UCA0RXBUF                     
00000065  UCA0STAT                      
00000067  UCA0TXBUF                     
0000006a  UCB0BR0                       
0000006b  UCB0BR1                       
00000068  UCB0CTL0                      
00000069  UCB0CTL1                      
0000006c  UCB0I2CIE                     
00000118  UCB0I2COA                     
0000011a  UCB0I2CSA                     
0000006e  UCB0RXBUF                     
0000006d  UCB0STAT                      
0000006f  UCB0TXBUF                     
0000c98c  USCI0RX_ISR                   
0000c8a8  USCI0TX_ISR                   
00000120  WDTCTL                        
00000400  __STACK_END                   
00000050  __STACK_SIZE                  
0000cb56  __TI_CINIT_Base               
0000cb5e  __TI_CINIT_Limit              
0000cb4c  __TI_Handler_Table_Base       
0000cb52  __TI_Handler_Table_Limit      
0000ca2a  __TI_ISR_TRAP                 
0000c740  __TI_auto_init_nobinit_nopinit
0000c57e  __TI_decompress_lzss          
0000c9c8  __TI_decompress_none          
0000ffe0  __TI_int00                    
0000ffe4  __TI_int02                    
0000ffe6  __TI_int03                    
0000ffea  __TI_int05                    
0000ffec  __TI_int06                    
0000ffee  __TI_int07                    
0000fff0  __TI_int08                    
0000fff2  __TI_int09                    
0000fff4  __TI_int10                    
0000fff6  __TI_int11                    
0000fff8  __TI_int12                    
0000fffa  __TI_int13                    
0000fffc  __TI_int14                    
ffffffff  __TI_pprof_out_hndl           
ffffffff  __TI_prof_data_size           
ffffffff  __TI_prof_data_start          
0000c9a0  __TI_zero_init_nomemset       
ffffffff  __c_args__                    
0000c9f8  __mspabi_func_epilog_1        
0000c9f6  __mspabi_func_epilog_2        
0000c9f4  __mspabi_func_epilog_3        
0000c9f2  __mspabi_func_epilog_4        
0000c9f0  __mspabi_func_epilog_5        
0000c9ee  __mspabi_func_epilog_6        
0000c9ec  __mspabi_func_epilog_7        
0000c7c2  __mspabi_slli                 
0000c7ea  __mspabi_slli_1               
0000c7d8  __mspabi_slli_10              
0000c7d6  __mspabi_slli_11              
0000c7d4  __mspabi_slli_12              
0000c7d2  __mspabi_slli_13              
0000c7d0  __mspabi_slli_14              
0000c7ce  __mspabi_slli_15              
0000c7e8  __mspabi_slli_2               
0000c7e6  __mspabi_slli_3               
0000c7e4  __mspabi_slli_4               
0000c7e2  __mspabi_slli_5               
0000c7e0  __mspabi_slli_6               
0000c7de  __mspabi_slli_7               
0000c7dc  __mspabi_slli_8               
0000c7da  __mspabi_slli_9               
0000c6b0  __mspabi_srli                 
0000c6f6  __mspabi_srli_1               
0000c6d2  __mspabi_srli_10              
0000c6ce  __mspabi_srli_11              
0000c6ca  __mspabi_srli_12              
0000c6c6  __mspabi_srli_13              
0000c6c2  __mspabi_srli_14              
0000c6be  __mspabi_srli_15              
0000c6f2  __mspabi_srli_2               
0000c6ee  __mspabi_srli_3               
0000c6ea  __mspabi_srli_4               
0000c6e6  __mspabi_srli_5               
0000c6e2  __mspabi_srli_6               
0000c6de  __mspabi_srli_7               
0000c6da  __mspabi_srli_8               
0000c6d6  __mspabi_srli_9               
0000c8c4  _c_int00_noargs               
0000fffe  _reset_vector                 
000003b0  _stack                        
0000ca3c  _system_post_cinit            
0000ca38  _system_pre_init              
0000ca32  abort                         
00000326  applicationState              
00000316  extractState                  
00000325  extractedData_main            
00000322  fromGPSFlag                   
00000310  gps_Init                      
0000c5fa  gps_cpyrmz_mp                 
000002c8  gps_data                      
00000200  gsmMessage                    
00000321  gsmMessageSent                
00000300  gsm_data                      
0000c3e2  gsm_getMessageDetails         
00000324  isGPSinitialized              
00000323  isGSMinitialized              
0000c000  main                          
0000c9da  memcpy                        
0000c9b4  memset                        
00000264  message_buffer                
0000c960  mux_switch                    
00000320  oneSecondPassed               
0000c7ee  port_init                     
0000c88a  readMessage                   
00000312  rx_char                       
00000313  rx_flag                       
0000c8e0  sendMessage                   
0000c8fc  strcat                        
0000c930  strcmp                        
0000c9fc  strcpy                        
0000c818  strcspn                       
0000ca1c  strlen                        
0000c840  strspn                        
0000c662  strtok                        
0000c976  timers_A0_interrupt           
0000c948  timers_init                   
00000314  tx_char                       
00000315  tx_flag                       
0000ca0c  uart_getc                     
0000c482  uart_gets                     
0000c782  uart_init                     
0000c916  uart_putc                     
0000c868  uart_puts                     


GLOBAL SYMBOLS: SORTED BY Symbol Address 

address   name                          
-------   ----                          
00000000  IE1                           
00000001  IE2                           
00000002  IFG1                          
00000003  IFG2                          
00000010  P3REN                         
00000018  P3IN                          
00000019  P3OUT                         
0000001a  P3DIR                         
0000001b  P3SEL                         
00000020  P1IN                          
00000021  P1OUT                         
00000022  P1DIR                         
00000023  P1IFG                         
00000024  P1IES                         
00000025  P1IE                          
00000026  P1SEL                         
00000027  P1REN                         
00000028  P2IN                          
00000029  P2OUT                         
0000002a  P2DIR                         
0000002b  P2IFG                         
0000002c  P2IES                         
0000002d  P2IE                          
0000002e  P2SEL                         
0000002f  P2REN                         
00000041  P1SEL2                        
00000042  P2SEL2                        
00000043  P3SEL2                        
00000048  ADC10DTC0                     
00000049  ADC10DTC1                     
0000004a  ADC10AE0                      
00000050  __STACK_SIZE                  
00000053  BCSCTL3                       
00000056  DCOCTL                        
00000057  BCSCTL1                       
00000058  BCSCTL2                       
00000059  CACTL1                        
0000005a  CACTL2                        
0000005b  CAPD                          
0000005d  UCA0ABCTL                     
0000005e  UCA0IRTCTL                    
0000005f  UCA0IRRCTL                    
00000060  UCA0CTL0                      
00000061  UCA0CTL1                      
00000062  UCA0BR0                       
00000063  UCA0BR1                       
00000064  UCA0MCTL                      
00000065  UCA0STAT                      
00000066  UCA0RXBUF                     
00000067  UCA0TXBUF                     
00000068  UCB0CTL0                      
00000069  UCB0CTL1                      
0000006a  UCB0BR0                       
0000006b  UCB0BR1                       
0000006c  UCB0I2CIE                     
0000006d  UCB0STAT                      
0000006e  UCB0RXBUF                     
0000006f  UCB0TXBUF                     
00000118  UCB0I2COA                     
0000011a  UCB0I2CSA                     
0000011e  TA1IV                         
00000120  WDTCTL                        
00000128  FCTL1                         
0000012a  FCTL2                         
0000012c  FCTL3                         
0000012e  TA0IV                         
00000160  TA0CTL                        
00000162  TA0CCTL0                      
00000164  TA0CCTL1                      
00000166  TA0CCTL2                      
00000170  TA0R                          
00000172  TA0CCR0                       
00000174  TA0CCR1                       
00000176  TA0CCR2                       
00000180  TA1CTL                        
00000182  TA1CCTL0                      
00000184  TA1CCTL1                      
00000186  TA1CCTL2                      
00000190  TA1R                          
00000192  TA1CCR0                       
00000194  TA1CCR1                       
00000196  TA1CCR2                       
000001b0  ADC10CTL0                     
000001b2  ADC10CTL1                     
000001b4  ADC10MEM                      
000001bc  ADC10SA                       
00000200  gsmMessage                    
00000264  message_buffer                
000002c8  gps_data                      
00000300  gsm_data                      
00000310  gps_Init                      
00000312  rx_char                       
00000313  rx_flag                       
00000314  tx_char                       
00000315  tx_flag                       
00000316  extractState                  
00000320  oneSecondPassed               
00000321  gsmMessageSent                
00000322  fromGPSFlag                   
00000323  isGSMinitialized              
00000324  isGPSinitialized              
00000325  extractedData_main            
00000326  applicationState              
000003b0  _stack                        
00000400  __STACK_END                   
000010c0  TLV_CHECKSUM                  
000010da  TLV_ADC10_1_TAG               
000010db  TLV_ADC10_1_LEN               
000010f6  TLV_DCO_30_TAG                
000010f7  TLV_DCO_30_LEN                
000010f8  CALDCO_16MHZ                  
000010f9  CALBC1_16MHZ                  
000010fa  CALDCO_12MHZ                  
000010fb  CALBC1_12MHZ                  
000010fc  CALDCO_8MHZ                   
000010fd  CALBC1_8MHZ                   
000010fe  CALDCO_1MHZ                   
000010ff  CALBC1_1MHZ                   
0000c000  main                          
0000c1c0  GSM_sendMessage               
0000c306  GPS_extract_data              
0000c3e2  gsm_getMessageDetails         
0000c482  uart_gets                     
0000c502  GSM_init                      
0000c57e  __TI_decompress_lzss          
0000c5fa  gps_cpyrmz_mp                 
0000c662  strtok                        
0000c6b0  __mspabi_srli                 
0000c6be  __mspabi_srli_15              
0000c6c2  __mspabi_srli_14              
0000c6c6  __mspabi_srli_13              
0000c6ca  __mspabi_srli_12              
0000c6ce  __mspabi_srli_11              
0000c6d2  __mspabi_srli_10              
0000c6d6  __mspabi_srli_9               
0000c6da  __mspabi_srli_8               
0000c6de  __mspabi_srli_7               
0000c6e2  __mspabi_srli_6               
0000c6e6  __mspabi_srli_5               
0000c6ea  __mspabi_srli_4               
0000c6ee  __mspabi_srli_3               
0000c6f2  __mspabi_srli_2               
0000c6f6  __mspabi_srli_1               
0000c6fc  GPS_init                      
0000c740  __TI_auto_init_nobinit_nopinit
0000c782  uart_init                     
0000c7c2  __mspabi_slli                 
0000c7ce  __mspabi_slli_15              
0000c7d0  __mspabi_slli_14              
0000c7d2  __mspabi_slli_13              
0000c7d4  __mspabi_slli_12              
0000c7d6  __mspabi_slli_11              
0000c7d8  __mspabi_slli_10              
0000c7da  __mspabi_slli_9               
0000c7dc  __mspabi_slli_8               
0000c7de  __mspabi_slli_7               
0000c7e0  __mspabi_slli_6               
0000c7e2  __mspabi_slli_5               
0000c7e4  __mspabi_slli_4               
0000c7e6  __mspabi_slli_3               
0000c7e8  __mspabi_slli_2               
0000c7ea  __mspabi_slli_1               
0000c7ee  port_init                     
0000c818  strcspn                       
0000c840  strspn                        
0000c868  uart_puts                     
0000c88a  readMessage                   
0000c8a8  USCI0TX_ISR                   
0000c8c4  _c_int00_noargs               
0000c8e0  sendMessage                   
0000c8fc  strcat                        
0000c916  uart_putc                     
0000c930  strcmp                        
0000c948  timers_init                   
0000c960  mux_switch                    
0000c976  timers_A0_interrupt           
0000c98c  USCI0RX_ISR                   
0000c9a0  __TI_zero_init_nomemset       
0000c9b4  memset                        
0000c9c8  __TI_decompress_none          
0000c9da  memcpy                        
0000c9ec  __mspabi_func_epilog_7        
0000c9ee  __mspabi_func_epilog_6        
0000c9f0  __mspabi_func_epilog_5        
0000c9f2  __mspabi_func_epilog_4        
0000c9f4  __mspabi_func_epilog_3        
0000c9f6  __mspabi_func_epilog_2        
0000c9f8  __mspabi_func_epilog_1        
0000c9fc  strcpy                        
0000ca0c  uart_getc                     
0000ca1c  strlen                        
0000ca2a  __TI_ISR_TRAP                 
0000ca32  C$$EXIT                       
0000ca32  abort                         
0000ca38  _system_pre_init              
0000ca3c  _system_post_cinit            
0000cb4c  __TI_Handler_Table_Base       
0000cb52  __TI_Handler_Table_Limit      
0000cb56  __TI_CINIT_Base               
0000cb5e  __TI_CINIT_Limit              
0000ffe0  __TI_int00                    
0000ffe4  __TI_int02                    
0000ffe6  __TI_int03                    
0000ffea  __TI_int05                    
0000ffec  __TI_int06                    
0000ffee  __TI_int07                    
0000fff0  __TI_int08                    
0000fff2  __TI_int09                    
0000fff4  __TI_int10                    
0000fff6  __TI_int11                    
0000fff8  __TI_int12                    
0000fffa  __TI_int13                    
0000fffc  __TI_int14                    
0000fffe  _reset_vector                 
ffffffff  __TI_pprof_out_hndl           
ffffffff  __TI_prof_data_size           
ffffffff  __TI_prof_data_start          
ffffffff  __c_args__                    

[218 symbols]
